---
source: src/tests/assets_tests/test_services.rs
expression: available_assets
---
[
  {
    "id": 1,
    "name": "Bitcoin",
    "unit_value": 10.05,
    "registrant_id": 1,
    "registered_at": "[TIMESTAMP]"
  },
  {
    "id": 2,
    "name": "Ethereum",
    "unit_value": 9.5,
    "registrant_id": 1,
    "registered_at": "[TIMESTAMP]"
  },
  {
    "id": 3,
    "name": "Lite Coin",
    "unit_value": 2.75,
    "registrant_id": 2,
    "registered_at": "[TIMESTAMP]"
  }
]
