---
source: src/tests/assets_tests/test_repository.rs
expression: assets
---
[
  {
    "id": 1,
    "name": "Bitcoin",
    "unit_value": 15.99,
    "registrant_id": 1,
    "registered_at": "[TIMESTAMP]"
  },
  {
    "id": 2,
    "name": "Monero",
    "unit_value": 7.25,
    "registrant_id": 1,
    "registered_at": "[TIMESTAMP]"
  },
  {
    "id": 3,
    "name": "Tether",
    "unit_value": 2.75,
    "registrant_id": 2,
    "registered_at": "[TIMESTAMP]"
  }
]
