---
source: src/tests/assets_tests/test_services.rs
expression: owned_assets_2
---
[
  {
    "id": 1,
    "name": "Bitcoin",
    "unit_value": 15.99,
    "value_delta": 29.699999999999996,
    "quantity_owned": 5.0,
    "purchase_history": [
      {
        "bought_at": "[TIMESTAMP]",
        "bought_for": 10.05,
        "quantity_bought": 5.0,
        "value_delta": 29.699999999999996
      }
    ]
  },
  {
    "id": 2,
    "name": "Ethereum",
    "unit_value": 10.35,
    "value_delta": 5.9499999999999975,
    "quantity_owned": 7.0,
    "purchase_history": [
      {
        "bought_at": "[TIMESTAMP]",
        "bought_for": 9.5,
        "quantity_bought": 7.0,
        "value_delta": 5.9499999999999975
      }
    ]
  }
]
